{"_id":"239246205","display_name":"AttackKopter","logo":"https://static-cdn.jtvnw.net/jtv_user_pictures/cf98ab68-af25-441b-989e-f203cd46522e-profile_image-300x300.png"}